[01:58:21] [main/INFO]: Environment: authHost='https://authserver.mojang.com', accountsHost='https://api.mojang.com', sessionHost='https://sessionserver.mojang.com', servicesHost='https://api.minecraftservices.com', name='PROD'
[01:58:22] [main/INFO]: Reloading ResourceManager: Default, bukkit
[01:58:22] [Worker-Main-2/INFO]: Loaded 7 recipes
[01:58:23] [Server thread/INFO]: Starting minecraft server version 1.16.5
[01:58:23] [Server thread/INFO]: Loading properties
[01:58:23] [Server thread/INFO]: This server is running Paper version git-Paper-794 (MC: 1.16.5) (Implementing API version 1.16.5-R0.1-SNAPSHOT)
[01:58:23] [Server thread/INFO]: Debug logging is disabled
[01:58:23] [Server thread/INFO]: Using 4 threads for Netty based IO
[01:58:23] [Server thread/INFO]: Server Ping Player Sample Count: 12
[01:58:23] [Server thread/INFO]: Default game type: SURVIVAL
[01:58:23] [Server thread/INFO]: Generating keypair
[01:58:24] [Server thread/INFO]: Starting Minecraft server on *:25565
[01:58:24] [Server thread/INFO]: Using epoll channel type
[01:58:24] [Server thread/INFO]: [ViaVersion] Loading ViaVersion v4.10.0
[01:58:24] [Server thread/INFO]: [ViaVersion] ViaVersion 4.10.0 is now loaded. Registering protocol transformers and injecting...
[01:58:25] [Via-Mappingloader-0/INFO]: [ViaVersion] Loading block connection mappings ...
[01:58:25] [Via-Mappingloader-0/INFO]: [ViaVersion] Using FastUtil Long2ObjectOpenHashMap for block connections
[01:58:25] [Server thread/INFO]: [ViaBackwards] Loading translations...
[01:58:25] [Server thread/INFO]: [ViaBackwards] Registering protocols...
[01:58:25] [Server thread/INFO]: [ViaRewind] Registering protocols...
[01:58:25] [Server thread/INFO]: [ViaBackwards] Loading ViaBackwards v4.10.0
[01:58:25] [Server thread/INFO]: [ViaRewind] Loading ViaRewind v3.1.0
[01:58:25] [Server thread/INFO]: [SkinsRestorer] Loading SkinsRestorer v15.12.0
[01:58:25] [Server thread/INFO]: [GSit] Loading GSit v1.4.3
[01:58:25] [Server thread/INFO]: Server permissions file permissions.yml is empty, ignoring it
[01:58:25] [Server thread/INFO]: [ViaRewind] Enabling ViaRewind v3.1.0
[01:58:25] [Server thread/INFO]: [SkinsRestorer] Enabling SkinsRestorer v15.12.0
[01:58:26] [Server thread/INFO]: [33;1m[[32;22mSkinsRestorer[33;1m] [0;39m[32;1mRunning on Minecraft [33;1m1.16.5[32;1m.[0;39m
[01:58:27] [Server thread/INFO]: [33;1m[[32;22mSkinsRestorer[33;1m] [0;39mUsing paper join listener![0;39m
[01:58:27] [Server thread/WARN]: [33;1m[[32;22mSkinsRestorer[33;1m] [0;39m[33;1m[33;1mYou are running an outdated Java version, please update it to at least Java 21 (your version is 11).[0;39m
[01:58:27] [Server thread/WARN]: [33;1m[[32;22mSkinsRestorer[33;1m] [0;39m[33;1m[33;1mSkinsRestorer no longer officially supports this version of Java, you are currently using an unsupported compatibility build.[0;39m
[01:58:27] [Server thread/WARN]: [33;1m[[32;22mSkinsRestorer[33;1m] [0;39m[33;1m[33;1mYou can still use the plugin, but you may encounter issues that are not present in newer versions of Java.[0;39m
[01:58:27] [Server thread/WARN]: **** SERVER IS RUNNING IN OFFLINE/INSECURE MODE!
[01:58:27] [Server thread/WARN]: The server will make no attempt to authenticate usernames. Beware.
[01:58:27] [Server thread/WARN]: While this makes the game possible to play without internet access, it also opens up the ability for hackers to connect with any username they choose.
[01:58:27] [Server thread/WARN]: To change this, set "online-mode" to "true" in the server.properties file.
[01:58:27] [Server thread/INFO]: Preparing level "world"
[01:58:27] [Server thread/INFO]: Preparing start region for dimension minecraft:overworld
[01:58:27] [Server thread/INFO]: Preparing spawn area: 0%
[01:58:27] [Server thread/INFO]: Preparing spawn area: 0%
[01:58:28] [Server thread/INFO]: Time elapsed: 814 ms
[01:58:28] [Server thread/INFO]: Preparing start region for dimension minecraft:the_nether
[01:58:28] [Server thread/INFO]: Preparing spawn area: 0%
[01:58:28] [Server thread/INFO]: Preparing spawn area: 4%
[01:58:29] [Worker-Main-1/INFO]: Preparing spawn area: 100%
[01:58:29] [Server thread/INFO]: Time elapsed: 1168 ms
[01:58:29] [Server thread/INFO]: Preparing start region for dimension minecraft:the_end
[01:58:29] [Server thread/INFO]: Preparing spawn area: 0%
[01:58:29] [Server thread/INFO]: Time elapsed: 191 ms
[01:58:29] [Server thread/INFO]: [ViaVersion] Enabling ViaVersion v4.10.0
[01:58:29] [Server thread/INFO]: [ViaVersion] ViaVersion detected server version: 1.16.4-1.16.5 (754)
[01:58:29] [Server thread/WARN]: [ViaVersion] You are running an outdated Java version, please update it to at least Java 17 (your version is 11.0.30).
[01:58:29] [Server thread/WARN]: [ViaVersion] Starting with Minecraft 1.21, ViaVersion will no longer officially be compatible with this version of Java, only offering unsupported compatibility builds.
[01:58:29] [Server thread/INFO]: [ViaBackwards] Enabling ViaBackwards v4.10.0
[01:58:29] [Server thread/INFO]: [GSit] Enabling GSit v1.4.3
[01:58:29] [Server thread/INFO]: [GSit] The plugin was successfully enabled.
[01:58:30] [Server thread/INFO]: [GSit] New version available: 3.4.1!
[GSit] You are currently running version: 1.4.3!
[GSit] Download the latest version at:
[GSit] https://www.spigotmc.org/resources/62325
[01:58:30] [Server thread/INFO]: Running delayed init tasks
[01:58:30] [Server thread/INFO]: Done (6.372s)! For help, type "help"
[01:58:30] [Server thread/WARN]: [io.papermc.paper.util.PaperJvmChecker] ************************************************************
[01:58:30] [Server thread/WARN]: [io.papermc.paper.util.PaperJvmChecker] * WARNING - YOU ARE RUNNING AN OUTDATED VERSION OF JAVA.
[01:58:30] [Server thread/WARN]: [io.papermc.paper.util.PaperJvmChecker] * PAPER WILL STOP BEING COMPATIBLE WITH THIS VERSION OF
[01:58:30] [Server thread/WARN]: [io.papermc.paper.util.PaperJvmChecker] * JAVA WHEN MINECRAFT 1.17 IS RELEASED.
[01:58:30] [Server thread/WARN]: [io.papermc.paper.util.PaperJvmChecker] *
[01:58:30] [Server thread/WARN]: [io.papermc.paper.util.PaperJvmChecker] * Please update the version of Java you use to run Paper
[01:58:30] [Server thread/WARN]: [io.papermc.paper.util.PaperJvmChecker] * to at least Java 16. When Paper for Minecraft 1.17 is
[01:58:30] [Server thread/WARN]: [io.papermc.paper.util.PaperJvmChecker] * released support for versions of Java before 16 will
[01:58:30] [Server thread/WARN]: [io.papermc.paper.util.PaperJvmChecker] * be dropped.
[01:58:30] [Server thread/WARN]: [io.papermc.paper.util.PaperJvmChecker] *
[01:58:30] [Server thread/WARN]: [io.papermc.paper.util.PaperJvmChecker] * Current Java version: 11.0.30
[01:58:30] [Server thread/WARN]: [io.papermc.paper.util.PaperJvmChecker] *
[01:58:30] [Server thread/WARN]: [io.papermc.paper.util.PaperJvmChecker] * Check this forum post for more information: 
[01:58:30] [Server thread/WARN]: [io.papermc.paper.util.PaperJvmChecker] *   https://papermc.io/java16
[01:58:30] [Server thread/WARN]: [io.papermc.paper.util.PaperJvmChecker] ************************************************************
[01:58:30] [Server thread/INFO]: Timings Reset
[01:58:30] [Craft Scheduler Thread - 4/INFO]: [ViaVersion] Finished mapping loading, shutting down loader executor!
[01:58:30] [Craft Scheduler Thread - 2/INFO]: [33;1m[[32;22mSkinsRestorer[33;1m] [0;39m[32;1m----------------------------------------------[0;39m
[01:58:30] [Craft Scheduler Thread - 2/INFO]: [33;1m[[32;22mSkinsRestorer[33;1m] [0;39m[32;1m    +==================+[0;39m
[01:58:30] [Craft Scheduler Thread - 2/INFO]: [33;1m[[32;22mSkinsRestorer[33;1m] [0;39m[32;1m    |   SkinsRestorer  |[0;39m
[01:58:30] [Craft Scheduler Thread - 2/INFO]: [33;1m[[32;22mSkinsRestorer[33;1m] [0;39m[32;1m    |------------------|[0;39m
[01:58:30] [Craft Scheduler Thread - 2/INFO]: [33;1m[[32;22mSkinsRestorer[33;1m] [0;39m[32;1m    |  [34;1m[4m[21mStandalone Mode[0;39m[32;1m |[0;39m
[01:58:30] [Craft Scheduler Thread - 2/INFO]: [33;1m[[32;22mSkinsRestorer[33;1m] [0;39m[32;1m    +==================+[0;39m
[01:58:30] [Craft Scheduler Thread - 2/INFO]: [33;1m[[32;22mSkinsRestorer[33;1m] [0;39m[32;1m----------------------------------------------[0;39m
[01:58:30] [Craft Scheduler Thread - 2/INFO]: [33;1m[[32;22mSkinsRestorer[33;1m] [0;39m[36;1m    Version: [32;1m15.12.0[0;39m
[01:58:30] [Craft Scheduler Thread - 2/INFO]: [33;1m[[32;22mSkinsRestorer[33;1m] [0;39m[36;1m    Commit: [32;1m2903414[0;39m
[01:58:30] [Craft Scheduler Thread - 2/INFO]: [33;1m[[32;22mSkinsRestorer[33;1m] [0;39m[32;1m    This is the latest version![0;39m
[01:58:30] [Craft Scheduler Thread - 2/INFO]: [33;1m[[32;22mSkinsRestorer[33;1m] [0;39m[32;1m----------------------------------------------[0;39m
[01:58:30] [Craft Scheduler Thread - 2/INFO]: [33;1m[[32;22mSkinsRestorer[33;1m] [0;39m[34;1mDo you have issues? Read our troubleshooting guide: [33;1mhttps://skinsrestorer.net/docs/troubleshooting[0;39m
[01:58:30] [Craft Scheduler Thread - 2/INFO]: [33;1m[[32;22mSkinsRestorer[33;1m] [0;39m[34;1mWant to support SkinsRestorer or receive priority support? Become a supporter: [33;1mhttps://skinsrestorer.net/pricing[0;39m
[01:58:30] [Server thread/WARN]: [ViaVersion] There is a newer plugin version available: 5.9.1, you're on: 4.10.0
[01:58:31] [Craft Scheduler Thread - 1/ERROR]: [33;1m[[32;22mSkinsRestorer[33;1m] [0;39m[31;1mOutdated ViaVersion/ViaBackwards found! Please update to at least ViaVersion/ViaBackwards 5.0.0 for SkinsRestorer to work again![0;39m
[01:58:36] [User Authenticator #1/INFO]: UUID of player Richard is 3cf826bb-13a7-3e00-85a4-080eaa38a26a
[01:58:36] [Server thread/INFO]: Richard joined the game
[01:58:36] [Server thread/INFO]: Richard[/127.32.55.225:59233] logged in with entity id 208 at ([world]-1325.4320171243207, 76.0, 175.38292449671394)
[01:59:23] [Server thread/INFO]: Set Richard's game mode to Creative Mode
[01:59:31] [Craft Scheduler Thread - 5/ERROR]: [33;1m[[32;22mSkinsRestorer[33;1m] [0;39m[31;1mOutdated ViaVersion/ViaBackwards found! Please update to at least ViaVersion/ViaBackwards 5.0.0 for SkinsRestorer to work again![0;39m
[02:00:31] [Craft Scheduler Thread - 7/ERROR]: [33;1m[[32;22mSkinsRestorer[33;1m] [0;39m[31;1mOutdated ViaVersion/ViaBackwards found! Please update to at least ViaVersion/ViaBackwards 5.0.0 for SkinsRestorer to work again![0;39m
[02:01:31] [Craft Scheduler Thread - 8/ERROR]: [33;1m[[32;22mSkinsRestorer[33;1m] [0;39m[31;1mOutdated ViaVersion/ViaBackwards found! Please update to at least ViaVersion/ViaBackwards 5.0.0 for SkinsRestorer to work again![0;39m
[02:02:31] [Craft Scheduler Thread - 9/ERROR]: [33;1m[[32;22mSkinsRestorer[33;1m] [0;39m[31;1mOutdated ViaVersion/ViaBackwards found! Please update to at least ViaVersion/ViaBackwards 5.0.0 for SkinsRestorer to work again![0;39m
[02:03:31] [Craft Scheduler Thread - 10/ERROR]: [33;1m[[32;22mSkinsRestorer[33;1m] [0;39m[31;1mOutdated ViaVersion/ViaBackwards found! Please update to at least ViaVersion/ViaBackwards 5.0.0 for SkinsRestorer to work again![0;39m
[02:04:31] [Craft Scheduler Thread - 11/ERROR]: [33;1m[[32;22mSkinsRestorer[33;1m] [0;39m[31;1mOutdated ViaVersion/ViaBackwards found! Please update to at least ViaVersion/ViaBackwards 5.0.0 for SkinsRestorer to work again![0;39m
[02:05:31] [Craft Scheduler Thread - 12/ERROR]: [33;1m[[32;22mSkinsRestorer[33;1m] [0;39m[31;1mOutdated ViaVersion/ViaBackwards found! Please update to at least ViaVersion/ViaBackwards 5.0.0 for SkinsRestorer to work again![0;39m
[02:06:31] [Craft Scheduler Thread - 13/ERROR]: [33;1m[[32;22mSkinsRestorer[33;1m] [0;39m[31;1mOutdated ViaVersion/ViaBackwards found! Please update to at least ViaVersion/ViaBackwards 5.0.0 for SkinsRestorer to work again![0;39m
[02:07:31] [Craft Scheduler Thread - 14/ERROR]: [33;1m[[32;22mSkinsRestorer[33;1m] [0;39m[31;1mOutdated ViaVersion/ViaBackwards found! Please update to at least ViaVersion/ViaBackwards 5.0.0 for SkinsRestorer to work again![0;39m
